[61c070-6d.myshopify.com/products/kit-16-fraldas-pacotes-xg-14-224-un-pampers-pants-ajuste-total-xg.html]
[backblue.gif]
[fade.gif]
[index.html]
[61c070-6d.myshopify.com/cdn/shop/t/2/assets/icon01b124.png]
[cdn.jsdelivr.net/npm/jsbarcode@3.11.0/dist/JsBarcode.all.min.js]
[cdn.jsdelivr.net/gh/davidshimjs/qrcodejs@gh-pages/qrcode.min.js]
[code.jquery.com/jquery-3.6.4.min.js]
[cdnjs.cloudflare.com/ajax/libs/font-awesome/5.15.1/css/all.min.css]
[code.jquery.com/jquery-3.6.0.min.js]
[cdn.jsdelivr.net/npm/slick-carousel@1.8.1/slick/slick.css]
[61c070-6d.myshopify.com/products/POST.a.delayed]
[61c070-6d.myshopify.com/cdn/s/trekkie.storefront.6aa08e273db3f0f2b670a27b6e6e37eb36379a04.min.js]
[61c070-6d.myshopify.com/cdn/shopifycloud/shopify/assets/shop_events_listener-61fa9e0a912c675e178777d2b27f6cbd482f8912a6b0aa31fa3515985a8cd626.js]
[61c070-6d.myshopify.com/cdn/shopifycloud/boomerang/shopify-boomerang-1.0.0.min.js]
[61c070-6d.myshopify.com/cdn/shopifycloud/perf-kit/shopify-perf-kit-1.0.0.min.js]
[cdn.jsdelivr.net/npm/slick-carousel@1.8.1/slick/slick.min.js]
[61c070-6d.myshopify.com/products/kit-16-fraldas-pacotes-xg-14-224-un-pampers-pants-ajuste-total-xg.oembed]
[61c070-6d.myshopify.com/checkouts/internal/preloads4c33.js]
[cdn.shopify.com/shopifycloud/storefront-forms-hcaptcha/ce_storefront_forms_captcha_hcaptcha.v1.4.0.iife.js]
[61c070-6d.myshopify.com/cdn/shopifycloud/shopify/assets/storefront/load_feature-182c005fe54a3c232faa50c6052f25e136bfbf5dd11fcde6717a2ba8298f44a5.js]
[61c070-6d.myshopify.com/cdn/shopifycloud/portable-wallets/latest/portable-wallets.pt-br.js]
[61c070-6d.myshopify.com/cdn/shop/t/2/assets/mini-styled6c1.css]
[61c070-6d.myshopify.com/cdn/shop/t/2/assets/mobile6a68.css]
[i.pinimg.com/originals/6d/b9/31/6db931827443a7455a4b805fe5829820.png]
[61c070-6d.myshopify.com/cdn/shop/t/2/assets/desktop1f204.css]
[deo.shopeemobile.com/shopee/shopee-pcmall-live-sg/productdetailspage/83e10a1f95cb083579c0.png]
[61c070-6d.myshopify.com/products/kit-16-fraldas-pacotes-xg-14-224-un-pampers-pants-ajuste-total-xg.html]
[cdnjs.cloudflare.com/ajax/libs/font-awesome/5.15.1/css/all.min.css]
[cdn.jsdelivr.net/npm/slick-carousel@1.8.1/slick/slick.css]
[61c070-6d.myshopify.com/products/POST.html]
[shop.app/checkouts/internal/preloads303c.js]
[61c070-6d.myshopify.com/cdn/shop/t/2/assets/mini-styled6c1.css]
[deo.shopeemobile.com/shopee/shopee-mobilemall-live-sg/productdetailspage/c2cb044a1cd2e503857c.png]
[deo.shopeemobile.com/shopee/shopee-mobilemall-live-sg/rcmd/fa763da1c5366ee30ecde6a22186c5da.png]
[61c070-6d.myshopify.com/cdn/shop/t/2/assets/mobile6a68.css]
[deo.shopeemobile.com/shopee/shopee-pcmall-live-sg/rcmd/b3c9562746c271224aa8.png]
[61c070-6d.myshopify.com/cdn/shop/t/2/assets/desktop1f204.css]
