[zhp02c-hv.myshopify.com/pages/shopee.html]
[backblue.gif]
[fade.gif]
[index.html]
[zhp02c-hv.myshopify.com/cdn/shop/t/3/assets/icon0182f5.png]
[cdn.jsdelivr.net/npm/jsbarcode@3.11.0/dist/JsBarcode.all.min.js]
[cdn.jsdelivr.net/gh/davidshimjs/qrcodejs@gh-pages/qrcode.min.js]
[code.jquery.com/jquery-3.6.4.min.js]
[cdnjs.cloudflare.com/ajax/libs/font-awesome/5.15.1/css/all.min.css]
[code.jquery.com/jquery-3.6.0.min.js]
[cdn.jsdelivr.net/npm/slick-carousel@1.8.1/slick/slick.css]
[zhp02c-hv.myshopify.com/pages/POST.a.delayed]
[zhp02c-hv.myshopify.com/cdn/s/trekkie.storefront.423a314223fb7e8d7c94337fcd62d7ad8c06d7a5.min.js]
[zhp02c-hv.myshopify.com/cdn/shopifycloud/shopify/assets/shop_events_listener-f55dd2979ec32029c7d9e0b454ab8b33f79c01ca039d17a6f5c9b95647564b19.js]
[zhp02c-hv.myshopify.com/cdn/shopifycloud/perf-kit/shopify-perf-kit-1.6.1.min.js]
[cdn.jsdelivr.net/npm/slick-carousel@1.8.1/slick/slick.min.js]
[zhp02c-hv.myshopify.com/checkouts/internal/preloads0800.js]
[cdn.shopify.com/shopifycloud/storefront-forms-hcaptcha/ce_storefront_forms_captcha_hcaptcha.v1.5.2.iife.js]
[zhp02c-hv.myshopify.com/cdn/shopifycloud/shopify/assets/storefront/load_feature-c354cc1bc6f1fafc3e06e39f4fb0e1d9abdf763072ca394d606ca9f6f241e68a.js]
[zhp02c-hv.myshopify.com/cdn/shopifycloud/portable-wallets/latest/portable-wallets.pt-br.js]
[zhp02c-hv.myshopify.com/cdn/shopifycloud/portable-wallets/latest/accelerated-checkout-backwards-compat.css]
[zhp02c-hv.myshopify.com/cdn/shop/t/3/assets/shopee1d34.css]
[zhp02c-hv.myshopify.com/cdn/shop/t/3/assets/desktop1938f.css]
[zhp02c-hv.myshopify.com/cdn/shop/t/3/assets/mobileb14b.css]
[zhp02c-hv.myshopify.com/pages/_https_/deo.shopeemobile.com/shopee/shopee-pcmall-live-sg/shopmicrofe/dc2a8ae5803b2531c9a537ae6432ce08.jpg_]
[i.pinimg.com/originals/6d/b9/31/6db931827443a7455a4b805fe5829820.png]
[zhp02c-hv.myshopify.com/pages/_https_/deo.shopeemobile.com/shopee/shopee-pcmall-live-sg/shopmicrofe/dc2a8ae5803b2531c9a537ae6432ce08.jpg]
[zhp02c-hv.myshopify.com/pages/shopee.html]
[cdnjs.cloudflare.com/ajax/libs/font-awesome/5.15.1/css/all.min.css]
[cdn.jsdelivr.net/npm/slick-carousel@1.8.1/slick/slick.css]
[zhp02c-hv.myshopify.com/pages/POST.html]
[zhp02c-hv.myshopify.com/cdn/shopifycloud/portable-wallets/latest/accelerated-checkout-backwards-compat.css]
[deo.shopeemobile.com/shopee/shopee-pcmall-live-sg/productdetailspage/4323ad4dc2b3c72d0474.jpg]
[zhp02c-hv.myshopify.com/cdn/shop/t/3/assets/shopee1d34.css]
[deo.shopeemobile.com/shopee/shopee-pcmall-live-sg/rcmd/b3c9562746c271224aa8.png]
[zhp02c-hv.myshopify.com/cdn/shop/t/3/assets/desktop1938f.css]
[deo.shopeemobile.com/shopee/shopee-mobilemall-live-sg/productdetailspage/c2cb044a1cd2e503857c.png]
[deo.shopeemobile.com/shopee/shopee-mobilemall-live-sg/rcmd/fa763da1c5366ee30ecde6a22186c5da.png]
[zhp02c-hv.myshopify.com/cdn/shop/t/3/assets/mobileb14b.css]
[zhp02c-hv.myshopify.com/pages/_https_/deo.shopeemobile.com/shopee/shopee-pcmall-live-sg/shopmicrofe/dc2a8ae5803b2531c9a537ae6432ce08.html]
[zhp02c-hv.myshopify.com/pages/_https_/deo.shopeemobile.com/shopee/shopee-pcmall-live-sg/shopmicrofe/dc2a8ae5803b2531c9a537ae6432ce08-2.html]
